// Jest Snapshot v1, https://goo.gl/fbAQLP

exports[`CellarLayout Snapshots should match the snapshot 1`] = `
<Fragment>
  <Head>
    <title>
      GoTaste Cellar
    </title>
  </Head>
  <div
    className="bg-white"
  >
    <Container
      narrow={false}
    >
      <div
        className="h-auto sm:h-16 flex items-center justify-between"
      >
        <div
          className="my-4 sm:my-0"
        >
          <Link
            href="/"
          >
            <a
              className="flex text-red-light text-xl font-semibold no-underline"
            >
              <img
                alt="GoTaste"
                className="h-6 pr-2"
                src="/static/gotaste-120.png"
              />
              GoTaste Cellar
            </a>
          </Link>
        </div>
        <ul
          className="list-reset flex flex-row"
        >
          <withRouter(NavItem)
            asActive={true}
            to="/cellar"
          >
            Overblik
          </withRouter(NavItem)>
          <withRouter(NavItem)
            asActive={true}
            to="#"
          >
            Analytics
          </withRouter(NavItem)>
          <withRouter(NavItem)
            asActive={true}
            to="/cellar/events"
          >
            Begivenheder
          </withRouter(NavItem)>
          <withRouter(NavItem)
            asActive={true}
            to="#"
          >
            Anmeldelser
          </withRouter(NavItem)>
          <withRouter(NavItem)
            asActive={true}
            to="/cellar/profile"
          >
            Profil
          </withRouter(NavItem)>
          <div
            className="mx-2 my-1 border border-red-lightest"
          />
          <withRouter(NavItem)
            to="/sign-out"
          >
            Log ud
          </withRouter(NavItem)>
        </ul>
      </div>
    </Container>
  </div>
  Some content!
</Fragment>
`;
