// Jest Snapshot v1, https://goo.gl/fbAQLP

exports[`Button Snapshots should match the snapshot 1`] = `
<button
  className="px-6 h-10 rounded shadow tracking-wide bg-red-darker text-white border border-red-darker hover:bg-red-darkest hover:border-red-darkest"
  type="submit"
>
  I am a button!
</button>
`;
