// Jest Snapshot v1, https://goo.gl/fbAQLP

exports[`BusinessCard Snapshots should match the snapshot 1`] = `
<a
  className="inline-flex flex-col rounded shadow no-underline hover:shadow-md mb-4"
  href="some-path"
>
  <div>
    <Image
      className="rounded-t"
      cloudName="dkrjpli3y"
      crop="scale"
      publicId="heroImageId"
      secure="true"
    />
  </div>
  <div
    className="p-4"
  >
    <InfoItem
      headline="Fine Wines"
      imageAlt=""
      imageSrc="logoId"
      large={false}
      tagline="Fake Street 123, 6660 New Awesome"
    />
  </div>
</a>
`;
