// Jest Snapshot v1, https://goo.gl/fbAQLP

exports[`GhostLines Snapshots should match the default snapshot 1`] = `
Array [
  <Fragment
    key="0"
  >
    <div
      className="mb-2"
    >
      <GhostCard
        height={16}
        width={100}
      />
    </div>
    <div
      className="mb-2"
    >
      <GhostCard
        height={16}
        width={75}
      />
    </div>
  </Fragment>,
  <Fragment
    key="1"
  >
    <div
      className="mb-2"
    >
      <GhostCard
        height={16}
        width={100}
      />
    </div>
    <div
      className="mb-2"
    >
      <GhostCard
        height={16}
        width={75}
      />
    </div>
  </Fragment>,
]
`;
