// Jest Snapshot v1, https://goo.gl/fbAQLP

exports[`DateDisplay Snapshots should match the snapshot 1`] = `
<time
  className="inline-block bg-white text-center px-2 py-3 h-16 w-16 rounded shadow"
  dateTime={1546627341836}
>
  <span
    className="block text-red-darker font-bold text-2xl"
  >
    4
  </span>
  <span
    className="block text-grey-darker text-xs font-bold uppercase"
  >
    Jan
  </span>
</time>
`;
